<?xml version="1.0" encoding="UTF-8"?>
<testsuites>
  <testsuite name="PlaygroundWeatherTest\Mapper\WeatherCodeTest" file="/home/stephanie/www/playground/module/PlaygroundWeather/tests/PlaygroundWeatherTest/Mapper/WeatherCodeTest.php" namespace="PlaygroundWeatherTest\Mapper" fullPackage="PlaygroundWeatherTest.Mapper" tests="3" assertions="2" failures="0" errors="1" time="2.835481">
    <testcase name="testFindLastAssociatedCode" class="PlaygroundWeatherTest\Mapper\WeatherCodeTest" file="/home/stephanie/www/playground/module/PlaygroundWeather/tests/PlaygroundWeatherTest/Mapper/WeatherCodeTest.php" line="25" assertions="1" time="1.691164"/>
    <testcase name="testFindLastAssociatedCodeNoAssociated" class="PlaygroundWeatherTest\Mapper\WeatherCodeTest" file="/home/stephanie/www/playground/module/PlaygroundWeather/tests/PlaygroundWeatherTest/Mapper/WeatherCodeTest.php" line="47" assertions="1" time="0.577880"/>
    <testcase name="testFindDefaultByCode" class="PlaygroundWeatherTest\Mapper\WeatherCodeTest" file="/home/stephanie/www/playground/module/PlaygroundWeather/tests/PlaygroundWeatherTest/Mapper/WeatherCodeTest.php" line="59" assertions="0" time="0.566437">
      <error type="PHPUnit_Framework_Error_Notice">PlaygroundWeatherTest\Mapper\WeatherCodeTest::testFindDefaultByCode
Undefined variable: code1

/home/stephanie/www/playground/module/PlaygroundWeather/tests/PlaygroundWeatherTest/Mapper/WeatherCodeTest.php:64
/home/stephanie/www/playground/vendor/phpunit/phpunit/composer/bin/phpunit:63
</error>
    </testcase>
  </testsuite>
</testsuites>
